// Jest Snapshot v1, https://goo.gl/fbAQLP

exports[`<MainPage/> component Render MainPage component 1`] = `
<div
  class="mainPageContainer"
  data-testid="main-page-test-id"
>
  <nav
    class="header"
    data-testid="test-id-header"
  >
    <div>
      <a
        class="iconLink"
        data-discover="true"
        href="/main"
      >
        <svg
          data-testid="mock-svg"
        />
      </a>
    </div>
    <div
      class="menu"
    >
      <a
        data-discover="true"
        href="/login"
      >
        <button
          class="button ghost headerButton"
        >
          Sign In
        </button>
      </a>
      <a
        data-discover="true"
        href="/register"
      >
        <button
          class="button ghost headerButton"
        >
          Sign Up
        </button>
      </a>
    </div>
  </nav>
  <main
    class="main"
  >
    <div
      class="titleWrapper"
    >
      <h1
        class="title"
      >
        Evergreen
      </h1>
      <h3
        class="titleSecondary"
      >
        Find your perfect plant
      </h3>
    </div>
  </main>
</div>
`;
